Number of Timing Constraints that were not applied: 1

Asterisk (*) preceding a constraint indicates it was not met.
   This may be due to a setup or hold violation.

------------------------------------------------------------------------------------------------------
  Constraint                                |  Check  | Worst Case |  Best Case | Timing |   Timing   
                                            |         |    Slack   | Achievable | Errors |    Score   
------------------------------------------------------------------------------------------------------
  TS_clock_generator_0_clock_generator_0_PL | SETUP   |     0.137ns|     7.863ns|       0|           0
  L0_CLK_OUT_0_ = PERIOD TIMEGRP         "c | HOLD    |     0.329ns|            |       0|           0
  lock_generator_0_clock_generator_0_PLL0_C |         |            |            |        |            
  LK_OUT_0_" TS_sys_clk_pin /         1.25  |         |            |            |        |            
  HIGH 50%                                  |         |            |            |        |            
------------------------------------------------------------------------------------------------------
  TS_sys_clk_pin = PERIOD TIMEGRP "sys_clk_ | N/A     |         N/A|         N/A|     N/A|         N/A
  pin" 10 ns HIGH 50%                       |         |            |            |        |            
------------------------------------------------------------------------------------------------------


Derived Constraint Report
Derived Constraints for TS_sys_clk_pin
+-------------------------------+-------------+-------------+-------------+-------------+-------------+-------------+-------------+
|                               |   Period    |       Actual Period       |      Timing Errors        |      Paths Analyzed       |
|           Constraint          | Requirement |-------------+-------------|-------------+-------------|-------------+-------------|
|                               |             |   Direct    | Derivative  |   Direct    | Derivative  |   Direct    | Derivative  |
+-------------------------------+-------------+-------------+-------------+-------------+-------------+-------------+-------------+
|TS_sys_clk_pin                 |     10.000ns|          N/A|      9.829ns|            0|            0|            0|       406260|
| TS_clock_generator_0_clock_gen|      8.000ns|      7.863ns|          N/A|            0|            0|       406260|            0|
| erator_0_PLL0_CLK_OUT_0_      |             |             |             |             |             |             |             |
+-------------------------------+-------------+-------------+-------------+-------------+-------------+-------------+-------------+

All constraints were met.
INFO:Timing:2761 - N/A entries in the Constraints list may indicate that the 
   constraint does not cover any paths or that it has no requested value.


